// Jest Snapshot v1, https://goo.gl/fbAQLP

exports[`ConfirmModal component Renders correctly should render correctly 1`] = `
<ConfirmModal
  confirmMessage="Do you want to continue?"
  confirmModalOpen={true}
  onNoClick={[MockFunction]}
  onYesClick={[MockFunction]}
  title="Avengers"
>
  <Modal
    autoFocus={true}
    backdrop={true}
    backdropTransition={
      Object {
        "mountOnEnter": true,
        "timeout": 150,
      }
    }
    centered={true}
    className="confirmModal"
    fade={true}
    isOpen={true}
    keyboard={true}
    modalTransition={
      Object {
        "timeout": 300,
      }
    }
    onClosed={[Function]}
    onOpened={[Function]}
    returnFocusAfterClose={true}
    role="dialog"
    scrollable={false}
    unmountOnClose={true}
    zIndex={1050}
  >
    <Portal
      node={
        <div
          style="position: relative; z-index: 1050; display: block;"
          tabindex="-1"
        >
          <div
            class=""
          >
            <div
              class="modal fade"
              role="dialog"
              style="display: block;"
              tabindex="-1"
            >
              <div
                class="modal-dialog confirmModal modal-dialog-centered"
                role="document"
              >
                <div
                  class="modal-content"
                >
                  <div
                    class="modal-header"
                  >
                    <h5
                      class="modal-title"
                    >
                      Avengers
                    </h5>
                  </div>
                  <div
                    class="modal-body"
                  >
                    Do you want to continue?
                  </div>
                  <div
                    class="modal-footer"
                  >
                    <button
                      class="confirm-yes btn btn-primary"
                      type="button"
                    >
                      Yes
                    </button>
                    <button
                      class="confirm-no btn btn-secondary"
                      type="button"
                    >
                      No
                    </button>
                  </div>
                </div>
              </div>
            </div>
            <div
              class="modal-backdrop fade"
            />
          </div>
        </div>
      }
    >
      <Portal
        containerInfo={
          <div
            style="position: relative; z-index: 1050; display: block;"
            tabindex="-1"
          >
            <div
              class=""
            >
              <div
                class="modal fade"
                role="dialog"
                style="display: block;"
                tabindex="-1"
              >
                <div
                  class="modal-dialog confirmModal modal-dialog-centered"
                  role="document"
                >
                  <div
                    class="modal-content"
                  >
                    <div
                      class="modal-header"
                    >
                      <h5
                        class="modal-title"
                      >
                        Avengers
                      </h5>
                    </div>
                    <div
                      class="modal-body"
                    >
                      Do you want to continue?
                    </div>
                    <div
                      class="modal-footer"
                    >
                      <button
                        class="confirm-yes btn btn-primary"
                        type="button"
                      >
                        Yes
                      </button>
                      <button
                        class="confirm-no btn btn-secondary"
                        type="button"
                      >
                        No
                      </button>
                    </div>
                  </div>
                </div>
              </div>
              <div
                class="modal-backdrop fade"
              />
            </div>
          </div>
        }
      >
        <div
          className=""
        >
          <Fade
            appear={true}
            baseClass="fade"
            baseClassActive="show"
            className="modal"
            enter={true}
            exit={true}
            in={true}
            mountOnEnter={false}
            onClick={[Function]}
            onEnter={[Function]}
            onEntered={[Function]}
            onEntering={[Function]}
            onExit={[Function]}
            onExited={[Function]}
            onExiting={[Function]}
            onKeyDown={[Function]}
            onKeyUp={[Function]}
            onMouseDown={[Function]}
            role="dialog"
            style={
              Object {
                "display": "block",
              }
            }
            tabIndex="-1"
            tag="div"
            timeout={300}
            unmountOnExit={false}
          >
            <Transition
              appear={true}
              enter={true}
              exit={true}
              in={true}
              mountOnEnter={false}
              onEnter={[Function]}
              onEntered={[Function]}
              onEntering={[Function]}
              onExit={[Function]}
              onExited={[Function]}
              onExiting={[Function]}
              timeout={300}
              unmountOnExit={false}
            >
              <div
                className="modal fade"
                onClick={[Function]}
                onKeyDown={[Function]}
                onKeyUp={[Function]}
                onMouseDown={[Function]}
                role="dialog"
                style={
                  Object {
                    "display": "block",
                  }
                }
                tabIndex="-1"
              >
                <div
                  className="modal-dialog confirmModal modal-dialog-centered"
                  role="document"
                >
                  <div
                    className="modal-content"
                  >
                    <ModalHeader
                      charCode={215}
                      closeAriaLabel="Close"
                      tag="h5"
                      wrapTag="div"
                    >
                      <div
                        className="modal-header"
                      >
                        <h5
                          className="modal-title"
                        >
                          Avengers
                        </h5>
                      </div>
                    </ModalHeader>
                    <ModalBody
                      tag="div"
                    >
                      <div
                        className="modal-body"
                      >
                        Do you want to continue?
                      </div>
                    </ModalBody>
                    <ModalFooter
                      tag="div"
                    >
                      <div
                        className="modal-footer"
                      >
                        <Button
                          className="confirm-yes"
                          color="primary"
                          onClick={[MockFunction]}
                          tag="button"
                        >
                          <button
                            aria-label={null}
                            className="confirm-yes btn btn-primary"
                            onClick={[Function]}
                            type="button"
                          >
                            Yes
                          </button>
                        </Button>
                        <Button
                          className="confirm-no"
                          color="secondary"
                          onClick={[MockFunction]}
                          tag="button"
                        >
                          <button
                            aria-label={null}
                            className="confirm-no btn btn-secondary"
                            onClick={[Function]}
                            type="button"
                          >
                            No
                          </button>
                        </Button>
                      </div>
                    </ModalFooter>
                  </div>
                </div>
              </div>
            </Transition>
          </Fade>
          <Fade
            appear={true}
            baseClass="fade"
            baseClassActive="show"
            className="modal-backdrop"
            enter={true}
            exit={true}
            in={true}
            mountOnEnter={true}
            onEnter={[Function]}
            onEntered={[Function]}
            onEntering={[Function]}
            onExit={[Function]}
            onExited={[Function]}
            onExiting={[Function]}
            tag="div"
            timeout={150}
            unmountOnExit={false}
          >
            <Transition
              appear={true}
              enter={true}
              exit={true}
              in={true}
              mountOnEnter={true}
              onEnter={[Function]}
              onEntered={[Function]}
              onEntering={[Function]}
              onExit={[Function]}
              onExited={[Function]}
              onExiting={[Function]}
              timeout={150}
              unmountOnExit={false}
            >
              <div
                className="modal-backdrop fade"
              />
            </Transition>
          </Fade>
        </div>
      </Portal>
    </Portal>
  </Modal>
</ConfirmModal>
`;
