// Jest Snapshot v1, https://goo.gl/fbAQLP

exports[`<MovieList /> component should render correctly 1`] = `
<div
  className="container movies-container"
>
  <div
    className="row"
  >
    <div
      className="col s12"
    />
  </div>
</div>
`;
